2026-07-14 20:48:31,115 - __main__ - INFO - Starting analytics pipeline
2026-07-14 20:48:47,743 - src.loader - INFO - Loading data from: data/processed/yellow_taxi_features
2026-07-14 20:48:55,040 - src.loader - INFO - Loaded with inferred schema
2026-07-14 20:48:59,785 - __main__ - INFO - Loaded 2,704,152 rows for analysis
2026-07-14 20:48:59,821 - src.analytics - INFO - Analyzing hourly demand...
2026-07-14 20:48:59,967 - src.analytics - INFO - Analyzing day of week patterns...
2026-07-14 20:49:00,043 - src.analytics - INFO - Finding top 20 routes...
2026-07-14 20:49:00,181 - src.analytics - INFO - Finding top 3 pickup zones per hour...
2026-07-14 20:49:00,271 - src.analytics - INFO - Analyzing payment types...
2026-07-14 20:49:11,323 - src.analytics - INFO - Analyzing airport trips...
2026-07-14 20:49:11,378 - src.analytics - INFO - Analyzing revenue patterns...
2026-07-14 20:49:11,448 - src.analytics - INFO - Analyzing traffic patterns by hour...
2026-07-14 20:49:11,497 - src.analytics - INFO - Analyzing trip length distribution...
2026-07-14 20:49:11,673 - __main__ - INFO - Saving: hourly_demand
2026-07-14 20:49:15,883 - __main__ - INFO - Saving: day_of_week
2026-07-14 20:49:17,818 - __main__ - INFO - Saving: top_routes
2026-07-14 20:49:20,461 - __main__ - INFO - Saving: top_pickup_zones_per_hour
2026-07-14 20:49:22,276 - __main__ - INFO - Saving: payment_types
2026-07-14 20:49:23,700 - __main__ - INFO - Saving: airport_trips
2026-07-14 20:49:25,107 - __main__ - INFO - Saving: revenue_patterns
2026-07-14 20:49:26,503 - __main__ - INFO - Saving: traffic_by_hour
2026-07-14 20:49:27,816 - __main__ - INFO - Saving: trip_length_distribution
2026-07-14 20:49:29,207 - __main__ - INFO - ============================================================
2026-07-14 20:49:29,207 - __main__ - INFO - Analytics complete. Results saved to: data/output
2026-07-14 20:49:29,207 - __main__ - INFO - ============================================================
2026-07-14 20:49:29,626 - py4j.clientserver - INFO - Closing down clientserver connection
