2026-06-09 15:07:48,026 - __main__ - INFO - Starting quality check pipeline
2026-06-09 15:08:04,276 - src.loader - INFO - Found 1 file(s) to load:
2026-06-09 15:08:04,277 - src.loader - INFO -   - yellow_tripdata_2024-01.parquet (47.6 MB)
2026-06-09 15:08:08,949 - src.quality - INFO - ============================================================
2026-06-09 15:08:08,949 - src.quality - INFO - Starting full data quality check
2026-06-09 15:08:08,949 - src.quality - INFO - ============================================================
2026-06-09 15:08:08,949 - __main__ - ERROR - Quality check failed: 'expected_period'
Traceback (most recent call last):
  File "/home/mario/nyc-taxi-analytics/src/run_quality_check.py", line 49, in main
    results = run_all_checks(df, config)
  File "/home/mario/nyc-taxi-analytics/src/quality.py", line 276, in run_all_checks
    expected_year = config["expected_period"]["year"]
KeyError: 'expected_period'
2026-06-09 15:08:09,089 - py4j.clientserver - INFO - Closing down clientserver connection
2026-06-09 15:10:04,910 - __main__ - INFO - Starting quality check pipeline
2026-06-09 15:10:07,740 - src.loader - INFO - Found 1 file(s) to load:
2026-06-09 15:10:07,740 - src.loader - INFO -   - yellow_tripdata_2024-01.parquet (47.6 MB)
2026-06-09 15:10:09,190 - src.quality - INFO - ============================================================
2026-06-09 15:10:09,191 - src.quality - INFO - Starting full data quality check
2026-06-09 15:10:09,191 - src.quality - INFO - ============================================================
2026-06-09 15:10:18,570 - src.quality - INFO - Checking nulls in all columns...
2026-06-09 15:10:24,457 - src.quality - INFO - Checking negative values...
2026-06-09 15:10:24,989 - src.quality - INFO - Checking zero values...
2026-06-09 15:10:25,379 - src.quality - INFO - Checking outliers...
2026-06-09 15:10:25,827 - src.quality - INFO - Checking date validity...
2026-06-09 15:10:26,371 - src.quality - INFO - Checking trip duration...
2026-06-09 15:10:26,598 - src.quality - INFO - Checking invalid categorical values...
2026-06-09 15:10:26,960 - src.quality - INFO - Data quality check complete
2026-06-09 15:10:26,962 - __main__ - INFO - Report saved to: data/reports/quality_report_20260609_151026.json
2026-06-09 15:10:27,134 - py4j.clientserver - INFO - Closing down clientserver connection
